2025-11-13 16:41:40,766 | INFO | Found credentials in shared credentials file: ~/.aws/credentials
2025-11-13 16:42:26,312 | INFO | [31m[1mWARNING: This is a development server. Do not use it in a production deployment. Use a production WSGI server instead.[0m
 * Running on all addresses (0.0.0.0)
 * Running on http://127.0.0.1:5000
 * Running on http://10.203.207.218:5000
2025-11-13 16:42:26,312 | INFO | [33mPress CTRL+C to quit[0m
2025-11-13 16:47:22,802 | INFO |  Loading model 'youtube_chrome_plugin_model' (stage: Staging) from MLflow...
2025-11-13 16:47:28,961 | INFO | Found credentials in shared credentials file: ~/.aws/credentials
2025-11-13 16:47:57,554 | INFO |  Model & vectorizer loaded successfully.
2025-11-13 16:47:57,569 | INFO | [31m[1mWARNING: This is a development server. Do not use it in a production deployment. Use a production WSGI server instead.[0m
 * Running on all addresses (0.0.0.0)
 * Running on http://127.0.0.1:5000
 * Running on http://10.203.207.218:5000
2025-11-13 16:47:57,570 | INFO | [33mPress CTRL+C to quit[0m
2025-11-13 16:48:20,232 | INFO | 10.203.207.218 - - [13/Nov/2025 16:48:20] "GET / HTTP/1.1" 200 -
2025-11-13 16:49:11,720 | INFO | 127.0.0.1 - - [13/Nov/2025 16:49:11] "GET /healthz HTTP/1.1" 200 -
2025-11-13 16:50:55,085 | ERROR | Prediction error: X has 10000 features, but LGBMClassifier is expecting 10025 features as input.
Traceback (most recent call last):
  File "E:\mlops_projects\influence_mirror\flask_app\app.py", line 138, in predict
    preds = model.predict(transformed).tolist()
            ~~~~~~~~~~~~~^^^^^^^^^^^^^
  File "E:\mlops_projects\influence_mirror\myenv\Lib\site-packages\mlflow\pyfunc\__init__.py", line 846, in predict
    return self._predict(data, params)
           ~~~~~~~~~~~~~^^^^^^^^^^^^^^
  File "E:\mlops_projects\influence_mirror\myenv\Lib\site-packages\mlflow\pyfunc\__init__.py", line 896, in _predict
    return self._predict_fn(data, params=params)
           ~~~~~~~~~~~~~~~~^^^^^^^^^^^^^^^^^^^^^
  File "E:\mlops_projects\influence_mirror\myenv\Lib\site-packages\mlflow\lightgbm\__init__.py", line 511, in predict
    return self.lgb_model.predict(dataframe)
           ~~~~~~~~~~~~~~~~~~~~~~^^^^^^^^^^^
  File "E:\mlops_projects\influence_mirror\myenv\Lib\site-packages\lightgbm\sklearn.py", line 1597, in predict
    result = self.predict_proba(
        X=X,
    ...<6 lines>...
        **kwargs,
    )
  File "E:\mlops_projects\influence_mirror\myenv\Lib\site-packages\lightgbm\sklearn.py", line 1627, in predict_proba
    result = super().predict(
        X=X,
    ...<6 lines>...
        **kwargs,
    )
  File "E:\mlops_projects\influence_mirror\myenv\Lib\site-packages\lightgbm\sklearn.py", line 1108, in predict
    X = _LGBMValidateData(
        self,
    ...<11 lines>...
        ensure_min_samples=1,
    )
  File "E:\mlops_projects\influence_mirror\myenv\Lib\site-packages\sklearn\utils\validation.py", line 2975, in validate_data
    _check_n_features(_estimator, X, reset=reset)
    ~~~~~~~~~~~~~~~~~^^^^^^^^^^^^^^^^^^^^^^^^^^^^
  File "E:\mlops_projects\influence_mirror\myenv\Lib\site-packages\sklearn\utils\validation.py", line 2839, in _check_n_features
    raise ValueError(
    ...<2 lines>...
    )
ValueError: X has 10000 features, but LGBMClassifier is expecting 10025 features as input.
2025-11-13 16:50:55,268 | INFO | 127.0.0.1 - - [13/Nov/2025 16:50:55] "[35m[1mPOST /predict HTTP/1.1[0m" 500 -
2025-11-13 16:51:07,074 | ERROR | Prediction error: X has 10000 features, but LGBMClassifier is expecting 10025 features as input.
Traceback (most recent call last):
  File "E:\mlops_projects\influence_mirror\flask_app\app.py", line 138, in predict
    preds = model.predict(transformed).tolist()
            ~~~~~~~~~~~~~^^^^^^^^^^^^^
  File "E:\mlops_projects\influence_mirror\myenv\Lib\site-packages\mlflow\pyfunc\__init__.py", line 846, in predict
    return self._predict(data, params)
           ~~~~~~~~~~~~~^^^^^^^^^^^^^^
  File "E:\mlops_projects\influence_mirror\myenv\Lib\site-packages\mlflow\pyfunc\__init__.py", line 896, in _predict
    return self._predict_fn(data, params=params)
           ~~~~~~~~~~~~~~~~^^^^^^^^^^^^^^^^^^^^^
  File "E:\mlops_projects\influence_mirror\myenv\Lib\site-packages\mlflow\lightgbm\__init__.py", line 511, in predict
    return self.lgb_model.predict(dataframe)
           ~~~~~~~~~~~~~~~~~~~~~~^^^^^^^^^^^
  File "E:\mlops_projects\influence_mirror\myenv\Lib\site-packages\lightgbm\sklearn.py", line 1597, in predict
    result = self.predict_proba(
        X=X,
    ...<6 lines>...
        **kwargs,
    )
  File "E:\mlops_projects\influence_mirror\myenv\Lib\site-packages\lightgbm\sklearn.py", line 1627, in predict_proba
    result = super().predict(
        X=X,
    ...<6 lines>...
        **kwargs,
    )
  File "E:\mlops_projects\influence_mirror\myenv\Lib\site-packages\lightgbm\sklearn.py", line 1108, in predict
    X = _LGBMValidateData(
        self,
    ...<11 lines>...
        ensure_min_samples=1,
    )
  File "E:\mlops_projects\influence_mirror\myenv\Lib\site-packages\sklearn\utils\validation.py", line 2975, in validate_data
    _check_n_features(_estimator, X, reset=reset)
    ~~~~~~~~~~~~~~~~~^^^^^^^^^^^^^^^^^^^^^^^^^^^^
  File "E:\mlops_projects\influence_mirror\myenv\Lib\site-packages\sklearn\utils\validation.py", line 2839, in _check_n_features
    raise ValueError(
    ...<2 lines>...
    )
ValueError: X has 10000 features, but LGBMClassifier is expecting 10025 features as input.
2025-11-13 16:51:07,082 | INFO | 127.0.0.1 - - [13/Nov/2025 16:51:07] "[35m[1mPOST /predict HTTP/1.1[0m" 500 -
2025-11-13 17:57:19,368 | INFO |  Loading model 'youtube_chrome_plugin_model' (stage: Staging) from MLflow...
2025-11-13 17:58:26,970 | INFO | Found credentials in shared credentials file: ~/.aws/credentials
2025-11-13 17:58:47,956 | INFO |  Model & vectorizer loaded successfully.
2025-11-13 17:58:48,092 | INFO | [31m[1mWARNING: This is a development server. Do not use it in a production deployment. Use a production WSGI server instead.[0m
 * Running on all addresses (0.0.0.0)
 * Running on http://127.0.0.1:5000
 * Running on http://10.203.207.218:5000
2025-11-13 17:58:48,092 | INFO | [33mPress CTRL+C to quit[0m
2025-11-13 18:01:44,468 | INFO | 127.0.0.1 - - [13/Nov/2025 18:01:44] "[33mPOST /predict%0A HTTP/1.1[0m" 404 -
2025-11-13 18:01:46,352 | INFO | 127.0.0.1 - - [13/Nov/2025 18:01:46] "[33mPOST /predict%0A HTTP/1.1[0m" 404 -
2025-11-13 18:04:11,993 | INFO | 127.0.0.1 - - [13/Nov/2025 18:04:11] "GET /healthz HTTP/1.1" 200 -
2025-11-13 18:05:33,515 | ERROR | Prediction error: X has 10000 features, but LGBMClassifier is expecting 10025 features as input.
Traceback (most recent call last):
  File "E:\mlops_projects\influence_mirror\flask_app\app.py", line 138, in predict
    preds = model.predict(transformed).tolist()
            ~~~~~~~~~~~~~^^^^^^^^^^^^^
  File "E:\mlops_projects\influence_mirror\myenv\Lib\site-packages\mlflow\pyfunc\__init__.py", line 846, in predict
    return self._predict(data, params)
           ~~~~~~~~~~~~~^^^^^^^^^^^^^^
  File "E:\mlops_projects\influence_mirror\myenv\Lib\site-packages\mlflow\pyfunc\__init__.py", line 896, in _predict
    return self._predict_fn(data, params=params)
           ~~~~~~~~~~~~~~~~^^^^^^^^^^^^^^^^^^^^^
  File "E:\mlops_projects\influence_mirror\myenv\Lib\site-packages\mlflow\lightgbm\__init__.py", line 511, in predict
    return self.lgb_model.predict(dataframe)
           ~~~~~~~~~~~~~~~~~~~~~~^^^^^^^^^^^
  File "E:\mlops_projects\influence_mirror\myenv\Lib\site-packages\lightgbm\sklearn.py", line 1597, in predict
    result = self.predict_proba(
        X=X,
    ...<6 lines>...
        **kwargs,
    )
  File "E:\mlops_projects\influence_mirror\myenv\Lib\site-packages\lightgbm\sklearn.py", line 1627, in predict_proba
    result = super().predict(
        X=X,
    ...<6 lines>...
        **kwargs,
    )
  File "E:\mlops_projects\influence_mirror\myenv\Lib\site-packages\lightgbm\sklearn.py", line 1108, in predict
    X = _LGBMValidateData(
        self,
    ...<11 lines>...
        ensure_min_samples=1,
    )
  File "E:\mlops_projects\influence_mirror\myenv\Lib\site-packages\sklearn\utils\validation.py", line 2975, in validate_data
    _check_n_features(_estimator, X, reset=reset)
    ~~~~~~~~~~~~~~~~~^^^^^^^^^^^^^^^^^^^^^^^^^^^^
  File "E:\mlops_projects\influence_mirror\myenv\Lib\site-packages\sklearn\utils\validation.py", line 2839, in _check_n_features
    raise ValueError(
    ...<2 lines>...
    )
ValueError: X has 10000 features, but LGBMClassifier is expecting 10025 features as input.
2025-11-13 18:05:33,525 | INFO | 127.0.0.1 - - [13/Nov/2025 18:05:33] "[35m[1mPOST /predict HTTP/1.1[0m" 500 -
2025-11-14 15:06:23,387 | INFO | Loading model 'youtube_chrome_plugin_model' (stage: Staging) from MLflow...
2025-11-14 15:07:59,815 | INFO | Found credentials in shared credentials file: ~/.aws/credentials
2025-11-14 15:08:22,998 | INFO | Latest run ID: fd680f38d22b4f1f9a5d8c949913b06c
2025-11-14 15:08:25,155 | INFO | [31m[1mWARNING: This is a development server. Do not use it in a production deployment. Use a production WSGI server instead.[0m
 * Running on all addresses (0.0.0.0)
 * Running on http://127.0.0.1:5000
 * Running on http://10.203.207.218:5000
2025-11-14 15:08:25,156 | INFO | [33mPress CTRL+C to quit[0m
2025-11-14 15:20:46,522 | INFO | 127.0.0.1 - - [14/Nov/2025 15:20:46] "[35m[1mGET /healthz HTTP/1.1[0m" 500 -
2025-11-14 15:42:40,247 | INFO | Loading main ML model from registry...
2025-11-14 15:42:45,338 | INFO | Found credentials in shared credentials file: ~/.aws/credentials
2025-11-14 15:43:01,928 | INFO | Loading TF-IDF vectorizer from registry...
2025-11-14 15:43:16,439 | INFO | [31m[1mWARNING: This is a development server. Do not use it in a production deployment. Use a production WSGI server instead.[0m
 * Running on all addresses (0.0.0.0)
 * Running on http://127.0.0.1:5000
 * Running on http://10.203.207.218:5000
2025-11-14 15:43:16,440 | INFO | [33mPress CTRL+C to quit[0m
2025-11-14 15:43:57,146 | INFO | 127.0.0.1 - - [14/Nov/2025 15:43:57] "[35m[1mGET /healthz HTTP/1.1[0m" 500 -
2025-11-14 15:47:03,926 | INFO | Loading main ML model from registry...
2025-11-14 15:47:12,238 | INFO | Found credentials in shared credentials file: ~/.aws/credentials
2025-11-14 15:47:27,733 | INFO | Downloading TF-IDF vectorizer artifact...
2025-11-14 15:47:27,734 | ERROR | Error loading model/vectorizer: name 'MlflowClient' is not defined
2025-11-14 15:47:27,750 | INFO | [31m[1mWARNING: This is a development server. Do not use it in a production deployment. Use a production WSGI server instead.[0m
 * Running on all addresses (0.0.0.0)
 * Running on http://127.0.0.1:5000
 * Running on http://10.203.207.218:5000
2025-11-14 15:47:27,750 | INFO | [33mPress CTRL+C to quit[0m
2025-11-14 15:48:24,288 | INFO | 127.0.0.1 - - [14/Nov/2025 15:48:24] "[35m[1mGET /healthz HTTP/1.1[0m" 500 -
2025-11-14 15:48:50,745 | INFO | Loading main ML model from registry...
2025-11-14 15:48:58,263 | INFO | Found credentials in shared credentials file: ~/.aws/credentials
2025-11-14 15:49:07,034 | INFO | Downloading TF-IDF vectorizer artifact...
2025-11-14 15:49:07,035 | ERROR | Error loading model/vectorizer: name 'MlflowClient' is not defined
2025-11-14 15:49:07,051 | INFO | [31m[1mWARNING: This is a development server. Do not use it in a production deployment. Use a production WSGI server instead.[0m
 * Running on all addresses (0.0.0.0)
 * Running on http://127.0.0.1:5000
 * Running on http://10.203.207.218:5000
2025-11-14 15:49:07,051 | INFO | [33mPress CTRL+C to quit[0m
2025-11-14 15:49:40,358 | INFO | 127.0.0.1 - - [14/Nov/2025 15:49:40] "[35m[1mGET /healthz HTTP/1.1[0m" 500 -
2025-11-14 15:57:25,716 | INFO | Loading main ML model from registry...
2025-11-14 15:58:39,160 | WARNING | Retrying (Retry(total=6, connect=7, read=6, redirect=7, status=7)) after connection broken by 'RemoteDisconnected('Remote end closed connection without response')': /api/2.0/mlflow/registered-models/get-latest-versions
2025-11-14 15:58:41,188 | INFO | Found credentials in shared credentials file: ~/.aws/credentials
2025-11-14 15:58:49,418 | INFO | Downloading TF-IDF vectorizer artifact...
2025-11-14 16:00:35,607 | ERROR | Error loading model/vectorizer: Vectorizer file (.pkl) not found in artifacts
2025-11-14 16:00:35,632 | INFO | [31m[1mWARNING: This is a development server. Do not use it in a production deployment. Use a production WSGI server instead.[0m
 * Running on all addresses (0.0.0.0)
 * Running on http://127.0.0.1:5000
 * Running on http://10.203.207.218:5000
2025-11-14 16:00:35,632 | INFO | [33mPress CTRL+C to quit[0m
2025-11-14 20:43:07,662 | INFO | Loading main MLflow model...
2025-11-14 20:43:12,322 | INFO | Found credentials in shared credentials file: ~/.aws/credentials
2025-11-14 20:43:25,659 | INFO | Loading TF-IDF vectorizer...
2025-11-14 20:43:33,116 | ERROR | Error loading model/vectorizer: tfidf_vectorizer.pkl not found in artifacts
2025-11-14 20:43:33,363 | INFO | [31m[1mWARNING: This is a development server. Do not use it in a production deployment. Use a production WSGI server instead.[0m
 * Running on all addresses (0.0.0.0)
 * Running on http://127.0.0.1:5000
 * Running on http://10.203.207.218:5000
2025-11-14 20:43:33,364 | INFO | [33mPress CTRL+C to quit[0m
2025-11-14 23:01:13,713 | INFO | Loading main MLflow model...
2025-11-14 23:01:30,450 | INFO | Found credentials in shared credentials file: ~/.aws/credentials
2025-11-14 23:01:42,193 | INFO | Loading TF-IDF vectorizer...
2025-11-14 23:01:55,347 | ERROR | Error loading model/vectorizer: The following failures occurred while downloading one or more artifacts from s3://my-s3-bucket-of-store-artifact-youtube-data12/mlflow-artifacts/1/c9a97050588c4a54b82a7da8645b3024/artifacts:
##### File  #####
An error occurred (404) when calling the HeadObject operation: Not Found
2025-11-14 23:01:55,439 | INFO | [31m[1mWARNING: This is a development server. Do not use it in a production deployment. Use a production WSGI server instead.[0m
 * Running on all addresses (0.0.0.0)
 * Running on http://127.0.0.1:5000
 * Running on http://10.203.207.218:5000
2025-11-14 23:01:55,439 | INFO | [33mPress CTRL+C to quit[0m
2025-11-14 23:04:39,219 | INFO | 127.0.0.1 - - [14/Nov/2025 23:04:39] "GET / HTTP/1.1" 200 -
2025-11-14 23:04:39,434 | INFO | 127.0.0.1 - - [14/Nov/2025 23:04:39] "[33mGET /favicon.ico HTTP/1.1[0m" 404 -
2025-11-14 23:29:30,562 | INFO | Loading main MLflow model...
2025-11-14 23:29:37,095 | INFO | Found credentials in shared credentials file: ~/.aws/credentials
2025-11-14 23:29:48,527 | INFO | Loading TF-IDF vectorizer...
2025-11-14 23:31:44,086 | ERROR | Error loading model/vectorizer: Failed to download artifacts from path 'tfidf_vectorizer.pkl', please ensure that the path is correct.
2025-11-14 23:31:44,112 | INFO | [31m[1mWARNING: This is a development server. Do not use it in a production deployment. Use a production WSGI server instead.[0m
 * Running on all addresses (0.0.0.0)
 * Running on http://127.0.0.1:5000
 * Running on http://10.203.207.218:5000
2025-11-14 23:31:44,113 | INFO | [33mPress CTRL+C to quit[0m
2025-11-14 23:33:15,261 | INFO | Loading main MLflow model...
2025-11-14 23:34:08,547 | INFO | Found credentials in shared credentials file: ~/.aws/credentials
2025-11-14 23:34:21,431 | INFO | Loading TF-IDF vectorizer...
2025-11-14 23:34:30,014 | ERROR | Error loading model/vectorizer: Failed to download artifacts from path 'tfidf_vectorizer.pkl', please ensure that the path is correct.
2025-11-14 23:34:30,062 | INFO | [31m[1mWARNING: This is a development server. Do not use it in a production deployment. Use a production WSGI server instead.[0m
 * Running on all addresses (0.0.0.0)
 * Running on http://127.0.0.1:5000
 * Running on http://10.203.207.218:5000
2025-11-14 23:34:30,065 | INFO | [33mPress CTRL+C to quit[0m
2025-11-14 23:38:52,375 | INFO | Loading main MLflow model...
2025-11-14 23:40:12,478 | INFO | Found credentials in shared credentials file: ~/.aws/credentials
2025-11-14 23:40:23,802 | INFO | Loading TF-IDF vectorizer...
2025-11-14 23:41:04,706 | WARNING | Retrying (Retry(total=6, connect=7, read=6, redirect=7, status=7)) after connection broken by 'RemoteDisconnected('Remote end closed connection without response')': /api/2.0/mlflow/registered-models/get?name=youtube_tfidf_vectorizer
2025-11-14 23:41:12,063 | ERROR | Error loading model/vectorizer: Failed to download artifacts from path 'tfidf_vectorizer.pkl', please ensure that the path is correct.
2025-11-14 23:41:12,588 | INFO | [31m[1mWARNING: This is a development server. Do not use it in a production deployment. Use a production WSGI server instead.[0m
 * Running on all addresses (0.0.0.0)
 * Running on http://127.0.0.1:5000
 * Running on http://10.203.207.218:5000
2025-11-14 23:41:12,669 | INFO | [33mPress CTRL+C to quit[0m
2025-11-14 23:57:14,089 | INFO | Loading main MLflow model...
2025-11-14 23:57:42,782 | INFO | Found credentials in shared credentials file: ~/.aws/credentials
2025-11-14 23:57:55,656 | INFO | Loading TF-IDF vectorizer...
2025-11-14 23:58:06,077 | INFO | Model + vectorizer loaded successfully.
2025-11-14 23:58:06,092 | INFO | [31m[1mWARNING: This is a development server. Do not use it in a production deployment. Use a production WSGI server instead.[0m
 * Running on all addresses (0.0.0.0)
 * Running on http://127.0.0.1:5000
 * Running on http://10.203.207.218:5000
2025-11-14 23:58:06,093 | INFO | [33mPress CTRL+C to quit[0m
2025-11-14 23:59:24,481 | INFO | 10.203.207.218 - - [14/Nov/2025 23:59:24] "GET /healthz HTTP/1.1" 200 -
2025-11-15 00:01:32,677 | INFO | Loading main MLflow model...
2025-11-15 00:01:36,064 | INFO | Found credentials in shared credentials file: ~/.aws/credentials
2025-11-15 00:01:49,931 | INFO | Loading TF-IDF vectorizer...
2025-11-15 00:01:59,192 | INFO | Model + vectorizer loaded successfully.
2025-11-15 00:01:59,209 | INFO | [31m[1mWARNING: This is a development server. Do not use it in a production deployment. Use a production WSGI server instead.[0m
 * Running on all addresses (0.0.0.0)
 * Running on http://127.0.0.1:5000
 * Running on http://10.203.207.218:5000
2025-11-15 00:01:59,211 | INFO | [33mPress CTRL+C to quit[0m
2025-11-15 00:02:12,626 | INFO | 10.203.207.218 - - [15/Nov/2025 00:02:12] "GET /healthz HTTP/1.1" 200 -
2025-11-15 00:03:23,091 | ERROR | Prediction error: 400 Bad Request: The browser (or proxy) sent a request that this server could not understand.
Traceback (most recent call last):
  File "E:\mlops_projects\influence_mirror\myenv\Lib\site-packages\werkzeug\wrappers\request.py", line 611, in get_json
    rv = self.json_module.loads(data)
  File "E:\mlops_projects\influence_mirror\myenv\Lib\site-packages\flask\json\provider.py", line 187, in loads
    return json.loads(s, **kwargs)
           ~~~~~~~~~~^^^^^^^^^^^^^
  File "C:\Users\DELL\AppData\Local\Programs\Python\Python313\Lib\json\__init__.py", line 346, in loads
    return _default_decoder.decode(s)
           ~~~~~~~~~~~~~~~~~~~~~~~^^^
  File "C:\Users\DELL\AppData\Local\Programs\Python\Python313\Lib\json\decoder.py", line 345, in decode
    obj, end = self.raw_decode(s, idx=_w(s, 0).end())
               ~~~~~~~~~~~~~~~^^^^^^^^^^^^^^^^^^^^^^^
  File "C:\Users\DELL\AppData\Local\Programs\Python\Python313\Lib\json\decoder.py", line 361, in raw_decode
    obj, end = self.scan_once(s, idx)
               ~~~~~~~~~~~~~~^^^^^^^^
json.decoder.JSONDecodeError: Expecting property name enclosed in double quotes: line 1 column 2 (char 1)

During handling of the above exception, another exception occurred:

Traceback (most recent call last):
  File "E:\mlops_projects\influence_mirror\myenv\Lib\site-packages\flask\wrappers.py", line 214, in on_json_loading_failed
    return super().on_json_loading_failed(e)
           ~~~~~~~~~~~~~~~~~~~~~~~~~~~~~~^^^
  File "E:\mlops_projects\influence_mirror\myenv\Lib\site-packages\werkzeug\wrappers\request.py", line 645, in on_json_loading_failed
    raise BadRequest(f"Failed to decode JSON object: {e}")
werkzeug.exceptions.BadRequest: 400 Bad Request: Failed to decode JSON object: Expecting property name enclosed in double quotes: line 1 column 2 (char 1)

The above exception was the direct cause of the following exception:

Traceback (most recent call last):
  File "E:\mlops_projects\influence_mirror\flask_app\app.py", line 140, in predict
    data = request.get_json(force=True)
  File "E:\mlops_projects\influence_mirror\myenv\Lib\site-packages\werkzeug\wrappers\request.py", line 620, in get_json
    rv = self.on_json_loading_failed(e)
  File "E:\mlops_projects\influence_mirror\myenv\Lib\site-packages\flask\wrappers.py", line 219, in on_json_loading_failed
    raise BadRequest() from ebr
werkzeug.exceptions.BadRequest: 400 Bad Request: The browser (or proxy) sent a request that this server could not understand.
2025-11-15 00:03:23,525 | INFO | 10.203.207.218 - - [15/Nov/2025 00:03:23] "[35m[1mPOST /predict HTTP/1.1[0m" 500 -
2025-11-15 00:03:52,327 | ERROR | Prediction error: 400 Bad Request: The browser (or proxy) sent a request that this server could not understand.
Traceback (most recent call last):
  File "E:\mlops_projects\influence_mirror\myenv\Lib\site-packages\werkzeug\wrappers\request.py", line 611, in get_json
    rv = self.json_module.loads(data)
  File "E:\mlops_projects\influence_mirror\myenv\Lib\site-packages\flask\json\provider.py", line 187, in loads
    return json.loads(s, **kwargs)
           ~~~~~~~~~~^^^^^^^^^^^^^
  File "C:\Users\DELL\AppData\Local\Programs\Python\Python313\Lib\json\__init__.py", line 346, in loads
    return _default_decoder.decode(s)
           ~~~~~~~~~~~~~~~~~~~~~~~^^^
  File "C:\Users\DELL\AppData\Local\Programs\Python\Python313\Lib\json\decoder.py", line 345, in decode
    obj, end = self.raw_decode(s, idx=_w(s, 0).end())
               ~~~~~~~~~~~~~~~^^^^^^^^^^^^^^^^^^^^^^^
  File "C:\Users\DELL\AppData\Local\Programs\Python\Python313\Lib\json\decoder.py", line 361, in raw_decode
    obj, end = self.scan_once(s, idx)
               ~~~~~~~~~~~~~~^^^^^^^^
json.decoder.JSONDecodeError: Expecting property name enclosed in double quotes: line 1 column 2 (char 1)

During handling of the above exception, another exception occurred:

Traceback (most recent call last):
  File "E:\mlops_projects\influence_mirror\myenv\Lib\site-packages\flask\wrappers.py", line 214, in on_json_loading_failed
    return super().on_json_loading_failed(e)
           ~~~~~~~~~~~~~~~~~~~~~~~~~~~~~~^^^
  File "E:\mlops_projects\influence_mirror\myenv\Lib\site-packages\werkzeug\wrappers\request.py", line 645, in on_json_loading_failed
    raise BadRequest(f"Failed to decode JSON object: {e}")
werkzeug.exceptions.BadRequest: 400 Bad Request: Failed to decode JSON object: Expecting property name enclosed in double quotes: line 1 column 2 (char 1)

The above exception was the direct cause of the following exception:

Traceback (most recent call last):
  File "E:\mlops_projects\influence_mirror\flask_app\app.py", line 140, in predict
    data = request.get_json(force=True)
  File "E:\mlops_projects\influence_mirror\myenv\Lib\site-packages\werkzeug\wrappers\request.py", line 620, in get_json
    rv = self.on_json_loading_failed(e)
  File "E:\mlops_projects\influence_mirror\myenv\Lib\site-packages\flask\wrappers.py", line 219, in on_json_loading_failed
    raise BadRequest() from ebr
werkzeug.exceptions.BadRequest: 400 Bad Request: The browser (or proxy) sent a request that this server could not understand.
2025-11-15 00:03:52,336 | INFO | 10.203.207.218 - - [15/Nov/2025 00:03:52] "[35m[1mPOST /predict HTTP/1.1[0m" 500 -
2025-11-15 00:04:09,412 | ERROR | Prediction error: X has 10000 features, but LGBMClassifier is expecting 10025 features as input.
Traceback (most recent call last):
  File "E:\mlops_projects\influence_mirror\flask_app\app.py", line 152, in predict
    preds = model.predict(transformed).tolist()
            ~~~~~~~~~~~~~^^^^^^^^^^^^^
  File "E:\mlops_projects\influence_mirror\myenv\Lib\site-packages\mlflow\pyfunc\__init__.py", line 846, in predict
    return self._predict(data, params)
           ~~~~~~~~~~~~~^^^^^^^^^^^^^^
  File "E:\mlops_projects\influence_mirror\myenv\Lib\site-packages\mlflow\pyfunc\__init__.py", line 896, in _predict
    return self._predict_fn(data, params=params)
           ~~~~~~~~~~~~~~~~^^^^^^^^^^^^^^^^^^^^^
  File "E:\mlops_projects\influence_mirror\myenv\Lib\site-packages\mlflow\sklearn\__init__.py", line 560, in predict
    return self.sklearn_model.predict(data)
           ~~~~~~~~~~~~~~~~~~~~~~~~~~^^^^^^
  File "E:\mlops_projects\influence_mirror\myenv\Lib\site-packages\lightgbm\sklearn.py", line 1597, in predict
    result = self.predict_proba(
        X=X,
    ...<6 lines>...
        **kwargs,
    )
  File "E:\mlops_projects\influence_mirror\myenv\Lib\site-packages\lightgbm\sklearn.py", line 1627, in predict_proba
    result = super().predict(
        X=X,
    ...<6 lines>...
        **kwargs,
    )
  File "E:\mlops_projects\influence_mirror\myenv\Lib\site-packages\lightgbm\sklearn.py", line 1108, in predict
    X = _LGBMValidateData(
        self,
    ...<11 lines>...
        ensure_min_samples=1,
    )
  File "E:\mlops_projects\influence_mirror\myenv\Lib\site-packages\sklearn\utils\validation.py", line 2975, in validate_data
    _check_n_features(_estimator, X, reset=reset)
    ~~~~~~~~~~~~~~~~~^^^^^^^^^^^^^^^^^^^^^^^^^^^^
  File "E:\mlops_projects\influence_mirror\myenv\Lib\site-packages\sklearn\utils\validation.py", line 2839, in _check_n_features
    raise ValueError(
    ...<2 lines>...
    )
ValueError: X has 10000 features, but LGBMClassifier is expecting 10025 features as input.
2025-11-15 00:04:09,521 | INFO | 10.203.207.218 - - [15/Nov/2025 00:04:09] "[35m[1mPOST /predict HTTP/1.1[0m" 500 -
2025-11-15 00:19:09,015 | INFO | Loading model...
2025-11-15 00:19:20,529 | INFO | Found credentials in shared credentials file: ~/.aws/credentials
2025-11-15 00:19:34,579 | INFO | Loading vectorizer...
2025-11-15 00:19:38,421 | INFO | Vectorizer loaded with 10000 features.
2025-11-15 00:19:38,444 | INFO | [31m[1mWARNING: This is a development server. Do not use it in a production deployment. Use a production WSGI server instead.[0m
 * Running on all addresses (0.0.0.0)
 * Running on http://127.0.0.1:5000
 * Running on http://10.203.207.218:5000
2025-11-15 00:19:38,445 | INFO | [33mPress CTRL+C to quit[0m
2025-11-15 00:20:51,330 | INFO | 10.203.207.218 - - [15/Nov/2025 00:20:51] "GET /healthz HTTP/1.1" 200 -
2025-11-15 00:21:12,121 | ERROR | Prediction error: 400 Bad Request: The browser (or proxy) sent a request that this server could not understand.
Traceback (most recent call last):
  File "E:\mlops_projects\influence_mirror\myenv\Lib\site-packages\werkzeug\wrappers\request.py", line 611, in get_json
    rv = self.json_module.loads(data)
  File "E:\mlops_projects\influence_mirror\myenv\Lib\site-packages\flask\json\provider.py", line 187, in loads
    return json.loads(s, **kwargs)
           ~~~~~~~~~~^^^^^^^^^^^^^
  File "C:\Users\DELL\AppData\Local\Programs\Python\Python313\Lib\json\__init__.py", line 346, in loads
    return _default_decoder.decode(s)
           ~~~~~~~~~~~~~~~~~~~~~~~^^^
  File "C:\Users\DELL\AppData\Local\Programs\Python\Python313\Lib\json\decoder.py", line 345, in decode
    obj, end = self.raw_decode(s, idx=_w(s, 0).end())
               ~~~~~~~~~~~~~~~^^^^^^^^^^^^^^^^^^^^^^^
  File "C:\Users\DELL\AppData\Local\Programs\Python\Python313\Lib\json\decoder.py", line 361, in raw_decode
    obj, end = self.scan_once(s, idx)
               ~~~~~~~~~~~~~~^^^^^^^^
json.decoder.JSONDecodeError: Expecting property name enclosed in double quotes: line 1 column 2 (char 1)

During handling of the above exception, another exception occurred:

Traceback (most recent call last):
  File "E:\mlops_projects\influence_mirror\myenv\Lib\site-packages\flask\wrappers.py", line 214, in on_json_loading_failed
    return super().on_json_loading_failed(e)
           ~~~~~~~~~~~~~~~~~~~~~~~~~~~~~~^^^
  File "E:\mlops_projects\influence_mirror\myenv\Lib\site-packages\werkzeug\wrappers\request.py", line 645, in on_json_loading_failed
    raise BadRequest(f"Failed to decode JSON object: {e}")
werkzeug.exceptions.BadRequest: 400 Bad Request: Failed to decode JSON object: Expecting property name enclosed in double quotes: line 1 column 2 (char 1)

The above exception was the direct cause of the following exception:

Traceback (most recent call last):
  File "E:\mlops_projects\influence_mirror\flask_app\app.py", line 108, in predict
    data = request.get_json(force=True)
  File "E:\mlops_projects\influence_mirror\myenv\Lib\site-packages\werkzeug\wrappers\request.py", line 620, in get_json
    rv = self.on_json_loading_failed(e)
  File "E:\mlops_projects\influence_mirror\myenv\Lib\site-packages\flask\wrappers.py", line 219, in on_json_loading_failed
    raise BadRequest() from ebr
werkzeug.exceptions.BadRequest: 400 Bad Request: The browser (or proxy) sent a request that this server could not understand.
2025-11-15 00:21:12,129 | INFO | 10.203.207.218 - - [15/Nov/2025 00:21:12] "[35m[1mPOST /predict HTTP/1.1[0m" 500 -
2025-11-15 00:24:17,374 | ERROR | Prediction error: X has 10000 features, but LGBMClassifier is expecting 10025 features as input.
Traceback (most recent call last):
  File "E:\mlops_projects\influence_mirror\flask_app\app.py", line 126, in predict
    preds = model.predict(transformed).tolist()
            ~~~~~~~~~~~~~^^^^^^^^^^^^^
  File "E:\mlops_projects\influence_mirror\myenv\Lib\site-packages\mlflow\pyfunc\__init__.py", line 846, in predict
    return self._predict(data, params)
           ~~~~~~~~~~~~~^^^^^^^^^^^^^^
  File "E:\mlops_projects\influence_mirror\myenv\Lib\site-packages\mlflow\pyfunc\__init__.py", line 896, in _predict
    return self._predict_fn(data, params=params)
           ~~~~~~~~~~~~~~~~^^^^^^^^^^^^^^^^^^^^^
  File "E:\mlops_projects\influence_mirror\myenv\Lib\site-packages\mlflow\sklearn\__init__.py", line 560, in predict
    return self.sklearn_model.predict(data)
           ~~~~~~~~~~~~~~~~~~~~~~~~~~^^^^^^
  File "E:\mlops_projects\influence_mirror\myenv\Lib\site-packages\lightgbm\sklearn.py", line 1597, in predict
    result = self.predict_proba(
        X=X,
    ...<6 lines>...
        **kwargs,
    )
  File "E:\mlops_projects\influence_mirror\myenv\Lib\site-packages\lightgbm\sklearn.py", line 1627, in predict_proba
    result = super().predict(
        X=X,
    ...<6 lines>...
        **kwargs,
    )
  File "E:\mlops_projects\influence_mirror\myenv\Lib\site-packages\lightgbm\sklearn.py", line 1108, in predict
    X = _LGBMValidateData(
        self,
    ...<11 lines>...
        ensure_min_samples=1,
    )
  File "E:\mlops_projects\influence_mirror\myenv\Lib\site-packages\sklearn\utils\validation.py", line 2975, in validate_data
    _check_n_features(_estimator, X, reset=reset)
    ~~~~~~~~~~~~~~~~~^^^^^^^^^^^^^^^^^^^^^^^^^^^^
  File "E:\mlops_projects\influence_mirror\myenv\Lib\site-packages\sklearn\utils\validation.py", line 2839, in _check_n_features
    raise ValueError(
    ...<2 lines>...
    )
ValueError: X has 10000 features, but LGBMClassifier is expecting 10025 features as input.
2025-11-15 00:24:17,430 | INFO | 10.203.207.218 - - [15/Nov/2025 00:24:17] "[35m[1mPOST /predict HTTP/1.1[0m" 500 -
