2025-11-15 18:35:31,793 - flask_api - ERROR - Prediction failed: X has 10000 features, but LGBMClassifier is expecting 10025 features as input.
Traceback (most recent call last):
  File "E:\mlops_projects\influence_mirror\flask_app\app.py", line 124, in predict
    y_pred = model.predict(X_vec)
  File "E:\mlops_projects\influence_mirror\myenv\Lib\site-packages\lightgbm\sklearn.py", line 1597, in predict
    result = self.predict_proba(
        X=X,
    ...<6 lines>...
        **kwargs,
    )
  File "E:\mlops_projects\influence_mirror\myenv\Lib\site-packages\lightgbm\sklearn.py", line 1627, in predict_proba
    result = super().predict(
        X=X,
    ...<6 lines>...
        **kwargs,
    )
  File "E:\mlops_projects\influence_mirror\myenv\Lib\site-packages\lightgbm\sklearn.py", line 1108, in predict
    X = _LGBMValidateData(
        self,
    ...<11 lines>...
        ensure_min_samples=1,
    )
  File "E:\mlops_projects\influence_mirror\myenv\Lib\site-packages\sklearn\utils\validation.py", line 2975, in validate_data
    _check_n_features(_estimator, X, reset=reset)
    ~~~~~~~~~~~~~~~~~^^^^^^^^^^^^^^^^^^^^^^^^^^^^
  File "E:\mlops_projects\influence_mirror\myenv\Lib\site-packages\sklearn\utils\validation.py", line 2839, in _check_n_features
    raise ValueError(
    ...<2 lines>...
    )
ValueError: X has 10000 features, but LGBMClassifier is expecting 10025 features as input.
